[0m22:17:16.719653 [debug] [MainThread]: Sending event: {'category': 'dbt', 'action': 'invocation', 'label': 'start', 'context': [<snowplow_tracker.self_describing_json.SelfDescribingJson object at 0x7ffffa372150>, <snowplow_tracker.self_describing_json.SelfDescribingJson object at 0x7ffffa3caa50>, <snowplow_tracker.self_describing_json.SelfDescribingJson object at 0x7ffffa3b6ad0>]}


============================== 22:17:16.728288 | 0111c548-31fa-458a-bf49-c9cbdceb8412 ==============================
[0m22:17:16.728288 [info ] [MainThread]: Running with dbt=1.7.20
[0m22:17:16.729039 [debug] [MainThread]: running dbt with arguments {'printer_width': '80', 'indirect_selection': 'eager', 'write_json': 'True', 'log_cache_events': 'False', 'partial_parse': 'True', 'cache_selected_only': 'False', 'warn_error': 'None', 'version_check': 'True', 'debug': 'False', 'log_path': '/usr/app/dbt/logs', 'profiles_dir': '/usr/app/dbt', 'fail_fast': 'False', 'use_colors': 'True', 'use_experimental_parser': 'False', 'no_print': 'None', 'quiet': 'False', 'warn_error_options': 'WarnErrorOptions(include=[], exclude=[])', 'introspect': 'True', 'invocation_command': 'dbt build', 'static_parser': 'True', 'target_path': 'None', 'log_format': 'default', 'send_anonymous_usage_stats': 'True'}
[0m22:17:16.729466 [info ] [MainThread]: This version of dbt is deprecated and no longer receives regular patches, including for known bugs. We recommend upgrading to a newer supported version of dbt: https://docs.getdbt.com/docs/dbt-versions
[0m22:17:16.729865 [debug] [MainThread]: Sending event: {'category': 'dbt', 'action': 'deprecated_version_invocation', 'label': '0111c548-31fa-458a-bf49-c9cbdceb8412', 'context': [<snowplow_tracker.self_describing_json.SelfDescribingJson object at 0x7ffffa36aed0>]}
[0m22:17:16.813940 [debug] [MainThread]: Sending event: {'category': 'dbt', 'action': 'project_id', 'label': '0111c548-31fa-458a-bf49-c9cbdceb8412', 'context': [<snowplow_tracker.self_describing_json.SelfDescribingJson object at 0x7ffff84e2550>]}
[0m22:17:16.847138 [debug] [MainThread]: Sending event: {'category': 'dbt', 'action': 'adapter_info', 'label': '0111c548-31fa-458a-bf49-c9cbdceb8412', 'context': [<snowplow_tracker.self_describing_json.SelfDescribingJson object at 0x7ffffa3afd10>]}
[0m22:17:16.847720 [info ] [MainThread]: Registered adapter: postgres=1.7.20
[0m22:17:16.853791 [debug] [MainThread]: checksum: e60e9a7db60717b27391e9fcca7ffc2f1c59992fad004fb73a09489fe7f93d3f, vars: {}, profile: , target: , version: 1.7.20
[0m22:17:16.854485 [info ] [MainThread]: Unable to do partial parsing because saved manifest not found. Starting full parse.
[0m22:17:16.855021 [debug] [MainThread]: Sending event: {'category': 'dbt', 'action': 'partial_parser', 'label': '0111c548-31fa-458a-bf49-c9cbdceb8412', 'context': [<snowplow_tracker.self_describing_json.SelfDescribingJson object at 0x7ffffa4fbc50>]}
[0m22:17:17.302444 [warn ] [MainThread]: [[33mWARNING[0m]: Configuration paths exist in your dbt_project.yml file which do not apply to any resources.
There are 1 unused configuration paths:
- models
[0m22:17:17.306399 [debug] [MainThread]: Sending event: {'category': 'dbt', 'action': 'load_project', 'label': '0111c548-31fa-458a-bf49-c9cbdceb8412', 'context': [<snowplow_tracker.self_describing_json.SelfDescribingJson object at 0x7ffffa3cd0d0>]}
[0m22:17:17.314768 [debug] [MainThread]: Sending event: {'category': 'dbt', 'action': 'resource_counts', 'label': '0111c548-31fa-458a-bf49-c9cbdceb8412', 'context': [<snowplow_tracker.self_describing_json.SelfDescribingJson object at 0x7ffff844d2d0>]}
[0m22:17:17.315178 [info ] [MainThread]: Found 0 sources, 0 exposures, 0 metrics, 401 macros, 0 groups, 0 semantic models
[0m22:17:17.316483 [info ] [MainThread]: 
[0m22:17:17.316877 [warn ] [MainThread]: Nothing to do. Try checking your model configs and model specification args
[0m22:17:17.317526 [debug] [MainThread]: Command end result
[0m22:17:17.323391 [debug] [MainThread]: Resource report: {"command_name": "build", "command_success": true, "command_wall_clock_time": 0.6415359, "process_user_time": 1.810532, "process_kernel_time": 0.067019, "process_mem_max_rss": "127664", "process_out_blocks": "3423", "process_in_blocks": "0"}
[0m22:17:17.323855 [debug] [MainThread]: Command `dbt build` succeeded at 22:17:17.323723 after 0.64 seconds
[0m22:17:17.324307 [debug] [MainThread]: Sending event: {'category': 'dbt', 'action': 'invocation', 'label': 'end', 'context': [<snowplow_tracker.self_describing_json.SelfDescribingJson object at 0x7ffffa3ca910>, <snowplow_tracker.self_describing_json.SelfDescribingJson object at 0x7ffffa4fb550>, <snowplow_tracker.self_describing_json.SelfDescribingJson object at 0x7ffffa65ed90>]}
[0m22:17:17.324821 [debug] [MainThread]: Flushing usage events
[0m22:30:28.140882 [debug] [MainThread]: Sending event: {'category': 'dbt', 'action': 'invocation', 'label': 'start', 'context': [<snowplow_tracker.self_describing_json.SelfDescribingJson object at 0x7ffffa385a90>, <snowplow_tracker.self_describing_json.SelfDescribingJson object at 0x7ffffa34f490>, <snowplow_tracker.self_describing_json.SelfDescribingJson object at 0x7ffffb718990>]}


============================== 22:30:28.148037 | dbabca49-1b1a-424b-8115-a0e0e3d481cb ==============================
[0m22:30:28.148037 [info ] [MainThread]: Running with dbt=1.7.20
[0m22:30:28.148696 [debug] [MainThread]: running dbt with arguments {'printer_width': '80', 'indirect_selection': 'eager', 'log_cache_events': 'False', 'write_json': 'True', 'partial_parse': 'True', 'cache_selected_only': 'False', 'warn_error': 'None', 'version_check': 'True', 'profiles_dir': '/usr/app/dbt', 'log_path': '/usr/app/dbt/logs', 'debug': 'False', 'fail_fast': 'False', 'use_colors': 'True', 'use_experimental_parser': 'False', 'no_print': 'None', 'quiet': 'False', 'log_format': 'default', 'static_parser': 'True', 'invocation_command': 'dbt build', 'warn_error_options': 'WarnErrorOptions(include=[], exclude=[])', 'target_path': 'None', 'introspect': 'True', 'send_anonymous_usage_stats': 'True'}
[0m22:30:28.149075 [info ] [MainThread]: This version of dbt is deprecated and no longer receives regular patches, including for known bugs. We recommend upgrading to a newer supported version of dbt: https://docs.getdbt.com/docs/dbt-versions
[0m22:30:28.149416 [debug] [MainThread]: Sending event: {'category': 'dbt', 'action': 'deprecated_version_invocation', 'label': 'dbabca49-1b1a-424b-8115-a0e0e3d481cb', 'context': [<snowplow_tracker.self_describing_json.SelfDescribingJson object at 0x7ffffa4b9d10>]}
[0m22:30:28.256020 [debug] [MainThread]: Sending event: {'category': 'dbt', 'action': 'project_id', 'label': 'dbabca49-1b1a-424b-8115-a0e0e3d481cb', 'context': [<snowplow_tracker.self_describing_json.SelfDescribingJson object at 0x7ffff865b1d0>]}
[0m22:30:28.289929 [debug] [MainThread]: Sending event: {'category': 'dbt', 'action': 'adapter_info', 'label': 'dbabca49-1b1a-424b-8115-a0e0e3d481cb', 'context': [<snowplow_tracker.self_describing_json.SelfDescribingJson object at 0x7ffff86aeed0>]}
[0m22:30:28.290528 [info ] [MainThread]: Registered adapter: postgres=1.7.20
[0m22:30:28.297009 [debug] [MainThread]: checksum: e60e9a7db60717b27391e9fcca7ffc2f1c59992fad004fb73a09489fe7f93d3f, vars: {}, profile: , target: , version: 1.7.20
[0m22:30:28.323855 [debug] [MainThread]: Partial parsing enabled: 0 files deleted, 0 files added, 0 files changed.
[0m22:30:28.324142 [debug] [MainThread]: Partial parsing enabled, no changes found, skipping parsing
[0m22:30:28.324663 [warn ] [MainThread]: [[33mWARNING[0m]: Configuration paths exist in your dbt_project.yml file which do not apply to any resources.
There are 1 unused configuration paths:
- models
[0m22:30:28.328825 [debug] [MainThread]: Sending event: {'category': 'dbt', 'action': 'load_project', 'label': 'dbabca49-1b1a-424b-8115-a0e0e3d481cb', 'context': [<snowplow_tracker.self_describing_json.SelfDescribingJson object at 0x7ffff8446b50>]}
[0m22:30:28.337486 [debug] [MainThread]: Sending event: {'category': 'dbt', 'action': 'resource_counts', 'label': 'dbabca49-1b1a-424b-8115-a0e0e3d481cb', 'context': [<snowplow_tracker.self_describing_json.SelfDescribingJson object at 0x7ffff8598590>]}
[0m22:30:28.337843 [info ] [MainThread]: Found 0 sources, 0 exposures, 0 metrics, 401 macros, 0 groups, 0 semantic models
[0m22:30:28.338996 [info ] [MainThread]: 
[0m22:30:28.339282 [warn ] [MainThread]: Nothing to do. Try checking your model configs and model specification args
[0m22:30:28.339818 [debug] [MainThread]: Command end result
[0m22:30:28.345871 [debug] [MainThread]: Resource report: {"command_name": "build", "command_success": true, "command_wall_clock_time": 0.2479823, "process_user_time": 1.384681, "process_kernel_time": 0.099769, "process_mem_max_rss": "124632", "process_in_blocks": "116928", "process_out_blocks": "1466"}
[0m22:30:28.346321 [debug] [MainThread]: Command `dbt build` succeeded at 22:30:28.346196 after 0.25 seconds
[0m22:30:28.346715 [debug] [MainThread]: Sending event: {'category': 'dbt', 'action': 'invocation', 'label': 'end', 'context': [<snowplow_tracker.self_describing_json.SelfDescribingJson object at 0x7ffffed4c450>, <snowplow_tracker.self_describing_json.SelfDescribingJson object at 0x7ffffed4c410>, <snowplow_tracker.self_describing_json.SelfDescribingJson object at 0x7ffffed4d310>]}
[0m22:30:28.347053 [debug] [MainThread]: Flushing usage events
[0m00:24:29.219274 [debug] [MainThread]: Sending event: {'category': 'dbt', 'action': 'invocation', 'label': 'start', 'context': [<snowplow_tracker.self_describing_json.SelfDescribingJson object at 0x7ffffa36b110>, <snowplow_tracker.self_describing_json.SelfDescribingJson object at 0x7ffffa36ae10>, <snowplow_tracker.self_describing_json.SelfDescribingJson object at 0x7ffffa391110>]}


============================== 00:24:29.229119 | 586dec10-e3ec-4dc5-bf0c-25b4ff7b2ffd ==============================
[0m00:24:29.229119 [info ] [MainThread]: Running with dbt=1.7.20
[0m00:24:29.229811 [debug] [MainThread]: running dbt with arguments {'printer_width': '80', 'indirect_selection': 'eager', 'log_cache_events': 'False', 'write_json': 'True', 'partial_parse': 'True', 'cache_selected_only': 'False', 'warn_error': 'None', 'fail_fast': 'False', 'version_check': 'True', 'log_path': '/usr/app/dbt/logs', 'debug': 'False', 'profiles_dir': '/usr/app/dbt', 'use_colors': 'True', 'use_experimental_parser': 'False', 'no_print': 'None', 'quiet': 'False', 'log_format': 'default', 'invocation_command': 'dbt build', 'introspect': 'True', 'warn_error_options': 'WarnErrorOptions(include=[], exclude=[])', 'target_path': 'None', 'static_parser': 'True', 'send_anonymous_usage_stats': 'True'}
[0m00:24:29.230203 [info ] [MainThread]: This version of dbt is deprecated and no longer receives regular patches, including for known bugs. We recommend upgrading to a newer supported version of dbt: https://docs.getdbt.com/docs/dbt-versions
[0m00:24:29.230547 [debug] [MainThread]: Sending event: {'category': 'dbt', 'action': 'deprecated_version_invocation', 'label': '586dec10-e3ec-4dc5-bf0c-25b4ff7b2ffd', 'context': [<snowplow_tracker.self_describing_json.SelfDescribingJson object at 0x7ffffa393c90>]}
[0m00:24:29.338186 [debug] [MainThread]: Sending event: {'category': 'dbt', 'action': 'project_id', 'label': '586dec10-e3ec-4dc5-bf0c-25b4ff7b2ffd', 'context': [<snowplow_tracker.self_describing_json.SelfDescribingJson object at 0x7ffffbaccb90>]}
[0m00:24:29.373407 [debug] [MainThread]: Sending event: {'category': 'dbt', 'action': 'adapter_info', 'label': '586dec10-e3ec-4dc5-bf0c-25b4ff7b2ffd', 'context': [<snowplow_tracker.self_describing_json.SelfDescribingJson object at 0x7ffff855e150>]}
[0m00:24:29.374136 [info ] [MainThread]: Registered adapter: postgres=1.7.20
[0m00:24:29.380944 [debug] [MainThread]: checksum: e60e9a7db60717b27391e9fcca7ffc2f1c59992fad004fb73a09489fe7f93d3f, vars: {}, profile: , target: , version: 1.7.20
[0m00:24:29.407658 [debug] [MainThread]: Partial parsing enabled: 0 files deleted, 0 files added, 0 files changed.
[0m00:24:29.407990 [debug] [MainThread]: Partial parsing enabled, no changes found, skipping parsing
[0m00:24:29.408475 [warn ] [MainThread]: [[33mWARNING[0m]: Configuration paths exist in your dbt_project.yml file which do not apply to any resources.
There are 1 unused configuration paths:
- models
[0m00:24:29.412509 [debug] [MainThread]: Sending event: {'category': 'dbt', 'action': 'load_project', 'label': '586dec10-e3ec-4dc5-bf0c-25b4ff7b2ffd', 'context': [<snowplow_tracker.self_describing_json.SelfDescribingJson object at 0x7ffff8414610>]}
[0m00:24:29.421201 [debug] [MainThread]: Sending event: {'category': 'dbt', 'action': 'resource_counts', 'label': '586dec10-e3ec-4dc5-bf0c-25b4ff7b2ffd', 'context': [<snowplow_tracker.self_describing_json.SelfDescribingJson object at 0x7ffff85ad910>]}
[0m00:24:29.421564 [info ] [MainThread]: Found 0 sources, 0 exposures, 0 metrics, 401 macros, 0 groups, 0 semantic models
[0m00:24:29.422693 [info ] [MainThread]: 
[0m00:24:29.423004 [warn ] [MainThread]: Nothing to do. Try checking your model configs and model specification args
[0m00:24:29.423540 [debug] [MainThread]: Command end result
[0m00:24:29.429787 [debug] [MainThread]: Resource report: {"command_name": "build", "command_success": true, "command_wall_clock_time": 0.25414062, "process_user_time": 1.45994, "process_kernel_time": 0.10748, "process_mem_max_rss": "126956", "process_in_blocks": "116552", "process_out_blocks": "2682"}
[0m00:24:29.430269 [debug] [MainThread]: Command `dbt build` succeeded at 00:24:29.430142 after 0.26 seconds
[0m00:24:29.430671 [debug] [MainThread]: Sending event: {'category': 'dbt', 'action': 'invocation', 'label': 'end', 'context': [<snowplow_tracker.self_describing_json.SelfDescribingJson object at 0x7ffffa393c90>, <snowplow_tracker.self_describing_json.SelfDescribingJson object at 0x7ffffa3b6b50>, <snowplow_tracker.self_describing_json.SelfDescribingJson object at 0x7ffffb612b10>]}
[0m00:24:29.430998 [debug] [MainThread]: Flushing usage events
[0m20:20:11.129339 [debug] [MainThread]: Sending event: {'category': 'dbt', 'action': 'invocation', 'label': 'start', 'context': [<snowplow_tracker.self_describing_json.SelfDescribingJson object at 0x7ffffa390450>, <snowplow_tracker.self_describing_json.SelfDescribingJson object at 0x7ffffa36b510>, <snowplow_tracker.self_describing_json.SelfDescribingJson object at 0x7ffffa4fbbd0>]}


============================== 20:20:11.138684 | f96e7ae5-56c1-48bd-a346-086145f14858 ==============================
[0m20:20:11.138684 [info ] [MainThread]: Running with dbt=1.7.20
[0m20:20:11.139368 [debug] [MainThread]: running dbt with arguments {'printer_width': '80', 'indirect_selection': 'eager', 'write_json': 'True', 'log_cache_events': 'False', 'partial_parse': 'True', 'cache_selected_only': 'False', 'profiles_dir': '/usr/app/dbt', 'version_check': 'True', 'debug': 'False', 'log_path': '/usr/app/dbt/logs', 'fail_fast': 'False', 'warn_error': 'None', 'use_colors': 'True', 'use_experimental_parser': 'False', 'no_print': 'None', 'quiet': 'False', 'warn_error_options': 'WarnErrorOptions(include=[], exclude=[])', 'invocation_command': 'dbt build', 'static_parser': 'True', 'log_format': 'default', 'target_path': 'None', 'introspect': 'True', 'send_anonymous_usage_stats': 'True'}
[0m20:20:11.139751 [info ] [MainThread]: This version of dbt is deprecated and no longer receives regular patches, including for known bugs. We recommend upgrading to a newer supported version of dbt: https://docs.getdbt.com/docs/dbt-versions
[0m20:20:11.140074 [debug] [MainThread]: Sending event: {'category': 'dbt', 'action': 'deprecated_version_invocation', 'label': 'f96e7ae5-56c1-48bd-a346-086145f14858', 'context': [<snowplow_tracker.self_describing_json.SelfDescribingJson object at 0x7ffffa4ceed0>]}
[0m20:20:11.245772 [debug] [MainThread]: Sending event: {'category': 'dbt', 'action': 'project_id', 'label': 'f96e7ae5-56c1-48bd-a346-086145f14858', 'context': [<snowplow_tracker.self_describing_json.SelfDescribingJson object at 0x7ffffa2a6350>]}
[0m20:20:11.279407 [debug] [MainThread]: Sending event: {'category': 'dbt', 'action': 'adapter_info', 'label': 'f96e7ae5-56c1-48bd-a346-086145f14858', 'context': [<snowplow_tracker.self_describing_json.SelfDescribingJson object at 0x7ffff8567550>]}
[0m20:20:11.280145 [info ] [MainThread]: Registered adapter: postgres=1.7.20
[0m20:20:11.286554 [debug] [MainThread]: checksum: e60e9a7db60717b27391e9fcca7ffc2f1c59992fad004fb73a09489fe7f93d3f, vars: {}, profile: , target: , version: 1.7.20
[0m20:20:11.310620 [debug] [MainThread]: Partial parsing enabled: 0 files deleted, 0 files added, 0 files changed.
[0m20:20:11.310898 [debug] [MainThread]: Partial parsing enabled, no changes found, skipping parsing
[0m20:20:11.311363 [warn ] [MainThread]: [[33mWARNING[0m]: Configuration paths exist in your dbt_project.yml file which do not apply to any resources.
There are 1 unused configuration paths:
- models
[0m20:20:11.315405 [debug] [MainThread]: Sending event: {'category': 'dbt', 'action': 'load_project', 'label': 'f96e7ae5-56c1-48bd-a346-086145f14858', 'context': [<snowplow_tracker.self_describing_json.SelfDescribingJson object at 0x7ffff842bd50>]}
[0m20:20:11.324588 [debug] [MainThread]: Sending event: {'category': 'dbt', 'action': 'resource_counts', 'label': 'f96e7ae5-56c1-48bd-a346-086145f14858', 'context': [<snowplow_tracker.self_describing_json.SelfDescribingJson object at 0x7ffff85a95d0>]}
[0m20:20:11.324954 [info ] [MainThread]: Found 0 sources, 0 exposures, 0 metrics, 401 macros, 0 groups, 0 semantic models
[0m20:20:11.326136 [info ] [MainThread]: 
[0m20:20:11.326423 [warn ] [MainThread]: Nothing to do. Try checking your model configs and model specification args
[0m20:20:11.326970 [debug] [MainThread]: Command end result
[0m20:20:11.332861 [debug] [MainThread]: Resource report: {"command_name": "build", "command_success": true, "command_wall_clock_time": 0.24591745, "process_user_time": 1.421315, "process_kernel_time": 0.08965, "process_mem_max_rss": "126944", "process_in_blocks": "116552", "process_out_blocks": "2682"}
[0m20:20:11.333312 [debug] [MainThread]: Command `dbt build` succeeded at 20:20:11.333186 after 0.25 seconds
[0m20:20:11.333681 [debug] [MainThread]: Sending event: {'category': 'dbt', 'action': 'invocation', 'label': 'end', 'context': [<snowplow_tracker.self_describing_json.SelfDescribingJson object at 0x7ffffb612b10>, <snowplow_tracker.self_describing_json.SelfDescribingJson object at 0x7ffffed4c410>, <snowplow_tracker.self_describing_json.SelfDescribingJson object at 0x7ffffed4cc10>]}
[0m20:20:11.333953 [debug] [MainThread]: Flushing usage events
[0m20:27:19.220430 [debug] [MainThread]: Sending event: {'category': 'dbt', 'action': 'invocation', 'label': 'start', 'context': [<snowplow_tracker.self_describing_json.SelfDescribingJson object at 0x7ffffa39cb50>, <snowplow_tracker.self_describing_json.SelfDescribingJson object at 0x7ffffb7d0310>, <snowplow_tracker.self_describing_json.SelfDescribingJson object at 0x7ffffa391890>]}


============================== 20:27:19.229875 | bc23496f-5f4a-4e1e-b60d-96ce7535d1ca ==============================
[0m20:27:19.229875 [info ] [MainThread]: Running with dbt=1.7.20
[0m20:27:19.230582 [debug] [MainThread]: running dbt with arguments {'printer_width': '80', 'indirect_selection': 'eager', 'log_cache_events': 'False', 'write_json': 'True', 'partial_parse': 'True', 'cache_selected_only': 'False', 'warn_error': 'None', 'debug': 'False', 'profiles_dir': '/usr/app/dbt', 'log_path': '/usr/app/dbt/logs', 'version_check': 'True', 'fail_fast': 'False', 'use_colors': 'True', 'use_experimental_parser': 'False', 'no_print': 'None', 'quiet': 'False', 'warn_error_options': 'WarnErrorOptions(include=[], exclude=[])', 'introspect': 'True', 'static_parser': 'True', 'invocation_command': 'dbt build', 'target_path': 'None', 'log_format': 'default', 'send_anonymous_usage_stats': 'True'}
[0m20:27:19.230998 [info ] [MainThread]: This version of dbt is deprecated and no longer receives regular patches, including for known bugs. We recommend upgrading to a newer supported version of dbt: https://docs.getdbt.com/docs/dbt-versions
[0m20:27:19.231398 [debug] [MainThread]: Sending event: {'category': 'dbt', 'action': 'deprecated_version_invocation', 'label': 'bc23496f-5f4a-4e1e-b60d-96ce7535d1ca', 'context': [<snowplow_tracker.self_describing_json.SelfDescribingJson object at 0x7ffffa3c6ed0>]}
[0m20:27:19.319864 [debug] [MainThread]: Sending event: {'category': 'dbt', 'action': 'project_id', 'label': 'bc23496f-5f4a-4e1e-b60d-96ce7535d1ca', 'context': [<snowplow_tracker.self_describing_json.SelfDescribingJson object at 0x7ffffa2a6350>]}
[0m20:27:19.353734 [debug] [MainThread]: Sending event: {'category': 'dbt', 'action': 'adapter_info', 'label': 'bc23496f-5f4a-4e1e-b60d-96ce7535d1ca', 'context': [<snowplow_tracker.self_describing_json.SelfDescribingJson object at 0x7ffffa37fb50>]}
[0m20:27:19.354388 [info ] [MainThread]: Registered adapter: postgres=1.7.20
[0m20:27:19.360968 [debug] [MainThread]: checksum: e60e9a7db60717b27391e9fcca7ffc2f1c59992fad004fb73a09489fe7f93d3f, vars: {}, profile: , target: , version: 1.7.20
[0m20:27:19.384780 [debug] [MainThread]: Partial parsing enabled: 0 files deleted, 2 files added, 0 files changed.
[0m20:27:19.385203 [debug] [MainThread]: Partial parsing: added file: trial_retention://models/staging/stg_demo.sql
[0m20:27:19.385586 [debug] [MainThread]: Partial parsing: added file: trial_retention://models/staging/sources.yml
[0m20:27:19.522921 [debug] [MainThread]: Sending event: {'category': 'dbt', 'action': 'load_project', 'label': 'bc23496f-5f4a-4e1e-b60d-96ce7535d1ca', 'context': [<snowplow_tracker.self_describing_json.SelfDescribingJson object at 0x7ffff8355290>]}
[0m20:27:19.532167 [debug] [MainThread]: Sending event: {'category': 'dbt', 'action': 'resource_counts', 'label': 'bc23496f-5f4a-4e1e-b60d-96ce7535d1ca', 'context': [<snowplow_tracker.self_describing_json.SelfDescribingJson object at 0x7ffff2b8e550>]}
[0m20:27:19.532623 [info ] [MainThread]: Found 1 model, 1 source, 0 exposures, 0 metrics, 401 macros, 0 groups, 0 semantic models
[0m20:27:19.534321 [info ] [MainThread]: 
[0m20:27:19.535128 [debug] [MainThread]: Acquiring new postgres connection 'master'
[0m20:27:19.536421 [debug] [ThreadPool]: Acquiring new postgres connection 'list_postgres'
[0m20:27:19.544082 [debug] [ThreadPool]: Using postgres connection "list_postgres"
[0m20:27:19.544370 [debug] [ThreadPool]: On list_postgres: /* {"app": "dbt", "dbt_version": "1.7.20", "profile_name": "trial_retention", "target_name": "dev", "connection_name": "list_postgres"} */

    select distinct nspname from pg_namespace
  
[0m20:27:19.544605 [debug] [ThreadPool]: Opening a new connection, currently in state init
[0m20:27:19.594587 [debug] [ThreadPool]: SQL status: SELECT 5 in 0.0 seconds
[0m20:27:19.596057 [debug] [ThreadPool]: On list_postgres: Close
[0m20:27:19.597914 [debug] [ThreadPool]: Acquiring new postgres connection 'list_postgres_public'
[0m20:27:19.602698 [debug] [ThreadPool]: Using postgres connection "list_postgres_public"
[0m20:27:19.602983 [debug] [ThreadPool]: On list_postgres_public: BEGIN
[0m20:27:19.603211 [debug] [ThreadPool]: Opening a new connection, currently in state init
[0m20:27:19.609247 [debug] [ThreadPool]: SQL status: BEGIN in 0.0 seconds
[0m20:27:19.609530 [debug] [ThreadPool]: Using postgres connection "list_postgres_public"
[0m20:27:19.609859 [debug] [ThreadPool]: On list_postgres_public: /* {"app": "dbt", "dbt_version": "1.7.20", "profile_name": "trial_retention", "target_name": "dev", "connection_name": "list_postgres_public"} */
select
      'postgres' as database,
      tablename as name,
      schemaname as schema,
      'table' as type
    from pg_tables
    where schemaname ilike 'public'
    union all
    select
      'postgres' as database,
      viewname as name,
      schemaname as schema,
      'view' as type
    from pg_views
    where schemaname ilike 'public'
    union all
    select
      'postgres' as database,
      matviewname as name,
      schemaname as schema,
      'materialized_view' as type
    from pg_matviews
    where schemaname ilike 'public'
  
[0m20:27:19.612918 [debug] [ThreadPool]: SQL status: SELECT 0 in 0.0 seconds
[0m20:27:19.613868 [debug] [ThreadPool]: On list_postgres_public: ROLLBACK
[0m20:27:19.614234 [debug] [ThreadPool]: On list_postgres_public: Close
[0m20:27:19.617262 [debug] [MainThread]: Using postgres connection "master"
[0m20:27:19.617586 [debug] [MainThread]: On master: BEGIN
[0m20:27:19.617822 [debug] [MainThread]: Opening a new connection, currently in state init
[0m20:27:19.623379 [debug] [MainThread]: SQL status: BEGIN in 0.0 seconds
[0m20:27:19.623705 [debug] [MainThread]: Using postgres connection "master"
[0m20:27:19.624050 [debug] [MainThread]: On master: /* {"app": "dbt", "dbt_version": "1.7.20", "profile_name": "trial_retention", "target_name": "dev", "connection_name": "master"} */
with relation as (
        select
            pg_rewrite.ev_class as class,
            pg_rewrite.oid as id
        from pg_rewrite
    ),
    class as (
        select
            oid as id,
            relname as name,
            relnamespace as schema,
            relkind as kind
        from pg_class
    ),
    dependency as (
        select distinct
            pg_depend.objid as id,
            pg_depend.refobjid as ref
        from pg_depend
    ),
    schema as (
        select
            pg_namespace.oid as id,
            pg_namespace.nspname as name
        from pg_namespace
        where nspname != 'information_schema' and nspname not like 'pg\_%'
    ),
    referenced as (
        select
            relation.id AS id,
            referenced_class.name ,
            referenced_class.schema ,
            referenced_class.kind
        from relation
        join class as referenced_class on relation.class=referenced_class.id
        where referenced_class.kind in ('r', 'v', 'm')
    ),
    relationships as (
        select
            referenced.name as referenced_name,
            referenced.schema as referenced_schema_id,
            dependent_class.name as dependent_name,
            dependent_class.schema as dependent_schema_id,
            referenced.kind as kind
        from referenced
        join dependency on referenced.id=dependency.id
        join class as dependent_class on dependency.ref=dependent_class.id
        where
            (referenced.name != dependent_class.name or
             referenced.schema != dependent_class.schema)
    )

    select
        referenced_schema.name as referenced_schema,
        relationships.referenced_name as referenced_name,
        dependent_schema.name as dependent_schema,
        relationships.dependent_name as dependent_name
    from relationships
    join schema as dependent_schema on relationships.dependent_schema_id=dependent_schema.id
    join schema as referenced_schema on relationships.referenced_schema_id=referenced_schema.id
    group by referenced_schema, referenced_name, dependent_schema, dependent_name
    order by referenced_schema, referenced_name, dependent_schema, dependent_name;
[0m20:27:19.626961 [debug] [MainThread]: SQL status: SELECT 0 in 0.0 seconds
[0m20:27:19.627786 [debug] [MainThread]: Sending event: {'category': 'dbt', 'action': 'runnable_timing', 'label': 'bc23496f-5f4a-4e1e-b60d-96ce7535d1ca', 'context': [<snowplow_tracker.self_describing_json.SelfDescribingJson object at 0x7ffffa66ce50>]}
[0m20:27:19.628137 [debug] [MainThread]: On master: ROLLBACK
[0m20:27:19.628473 [debug] [MainThread]: Using postgres connection "master"
[0m20:27:19.628711 [debug] [MainThread]: On master: BEGIN
[0m20:27:19.629066 [debug] [MainThread]: SQL status: BEGIN in 0.0 seconds
[0m20:27:19.629318 [debug] [MainThread]: On master: COMMIT
[0m20:27:19.629557 [debug] [MainThread]: Using postgres connection "master"
[0m20:27:19.629797 [debug] [MainThread]: On master: COMMIT
[0m20:27:19.630091 [debug] [MainThread]: SQL status: COMMIT in 0.0 seconds
[0m20:27:19.630327 [debug] [MainThread]: On master: Close
[0m20:27:19.630859 [info ] [MainThread]: Concurrency: 4 threads (target='dev')
[0m20:27:19.631169 [info ] [MainThread]: 
[0m20:27:19.637148 [debug] [Thread-1 (]: Began running node model.trial_retention.stg_demo
[0m20:27:19.637623 [info ] [Thread-1 (]: 1 of 1 START sql view model public.stg_demo .................................... [RUN]
[0m20:27:19.638278 [debug] [Thread-1 (]: Re-using an available connection from the pool (formerly list_postgres_public, now model.trial_retention.stg_demo)
[0m20:27:19.638591 [debug] [Thread-1 (]: Began compiling node model.trial_retention.stg_demo
[0m20:27:19.643664 [debug] [Thread-1 (]: Writing injected SQL for node "model.trial_retention.stg_demo"
[0m20:27:19.645361 [debug] [Thread-1 (]: Timing info for model.trial_retention.stg_demo (compile): 20:27:19.638786 => 20:27:19.645195
[0m20:27:19.645716 [debug] [Thread-1 (]: Began executing node model.trial_retention.stg_demo
[0m20:27:19.668967 [debug] [Thread-1 (]: Writing runtime sql for node "model.trial_retention.stg_demo"
[0m20:27:19.670417 [debug] [Thread-1 (]: Using postgres connection "model.trial_retention.stg_demo"
[0m20:27:19.670729 [debug] [Thread-1 (]: On model.trial_retention.stg_demo: BEGIN
[0m20:27:19.671018 [debug] [Thread-1 (]: Opening a new connection, currently in state closed
[0m20:27:19.677091 [debug] [Thread-1 (]: SQL status: BEGIN in 0.0 seconds
[0m20:27:19.677395 [debug] [Thread-1 (]: Using postgres connection "model.trial_retention.stg_demo"
[0m20:27:19.677708 [debug] [Thread-1 (]: On model.trial_retention.stg_demo: /* {"app": "dbt", "dbt_version": "1.7.20", "profile_name": "trial_retention", "target_name": "dev", "node_id": "model.trial_retention.stg_demo"} */

  create view "postgres"."public"."stg_demo__dbt_tmp"
    
    
  as (
    with source as (

    select * from "postgres"."raw"."demo_raw"

),

renamed as (

    select
        trial_id,
        age,
        sex,
        raccat as race_category,
        b_ecogi as ecog_baseline,
        diagtype as diagnosis_type,
        b_weight as weight_kg,
        b_height as height_cm,
        b_bsa as bsa_m2,
        kras as kras_status,
        trt ilike '%panit%' as on_panitumumab
    from source

)

select * from renamed
  );
[0m20:27:19.680738 [debug] [Thread-1 (]: SQL status: CREATE VIEW in 0.0 seconds
[0m20:27:19.685602 [debug] [Thread-1 (]: Using postgres connection "model.trial_retention.stg_demo"
[0m20:27:19.685885 [debug] [Thread-1 (]: On model.trial_retention.stg_demo: /* {"app": "dbt", "dbt_version": "1.7.20", "profile_name": "trial_retention", "target_name": "dev", "node_id": "model.trial_retention.stg_demo"} */
alter table "postgres"."public"."stg_demo__dbt_tmp" rename to "stg_demo"
[0m20:27:19.686700 [debug] [Thread-1 (]: SQL status: ALTER TABLE in 0.0 seconds
[0m20:27:19.696043 [debug] [Thread-1 (]: On model.trial_retention.stg_demo: COMMIT
[0m20:27:19.696353 [debug] [Thread-1 (]: Using postgres connection "model.trial_retention.stg_demo"
[0m20:27:19.696633 [debug] [Thread-1 (]: On model.trial_retention.stg_demo: COMMIT
[0m20:27:19.697302 [debug] [Thread-1 (]: SQL status: COMMIT in 0.0 seconds
[0m20:27:19.701525 [debug] [Thread-1 (]: Applying DROP to: "postgres"."public"."stg_demo__dbt_backup"
[0m20:27:19.704656 [debug] [Thread-1 (]: Using postgres connection "model.trial_retention.stg_demo"
[0m20:27:19.704928 [debug] [Thread-1 (]: On model.trial_retention.stg_demo: /* {"app": "dbt", "dbt_version": "1.7.20", "profile_name": "trial_retention", "target_name": "dev", "node_id": "model.trial_retention.stg_demo"} */
drop view if exists "postgres"."public"."stg_demo__dbt_backup" cascade
[0m20:27:19.705306 [debug] [Thread-1 (]: SQL status: DROP VIEW in 0.0 seconds
[0m20:27:19.706297 [debug] [Thread-1 (]: Timing info for model.trial_retention.stg_demo (execute): 20:27:19.645928 => 20:27:19.706162
[0m20:27:19.706585 [debug] [Thread-1 (]: On model.trial_retention.stg_demo: Close
[0m20:27:19.707167 [debug] [Thread-1 (]: Sending event: {'category': 'dbt', 'action': 'run_model', 'label': 'bc23496f-5f4a-4e1e-b60d-96ce7535d1ca', 'context': [<snowplow_tracker.self_describing_json.SelfDescribingJson object at 0x7ffff2a0c390>]}
[0m20:27:19.707835 [info ] [Thread-1 (]: 1 of 1 OK created sql view model public.stg_demo ............................... [[32mCREATE VIEW[0m in 0.07s]
[0m20:27:19.708573 [debug] [Thread-1 (]: Finished running node model.trial_retention.stg_demo
[0m20:27:19.710271 [debug] [MainThread]: Using postgres connection "master"
[0m20:27:19.710607 [debug] [MainThread]: On master: BEGIN
[0m20:27:19.710885 [debug] [MainThread]: Opening a new connection, currently in state closed
[0m20:27:19.716744 [debug] [MainThread]: SQL status: BEGIN in 0.0 seconds
[0m20:27:19.717022 [debug] [MainThread]: On master: COMMIT
[0m20:27:19.717263 [debug] [MainThread]: Using postgres connection "master"
[0m20:27:19.717517 [debug] [MainThread]: On master: COMMIT
[0m20:27:19.717818 [debug] [MainThread]: SQL status: COMMIT in 0.0 seconds
[0m20:27:19.718066 [debug] [MainThread]: On master: Close
[0m20:27:19.718572 [debug] [MainThread]: Connection 'master' was properly closed.
[0m20:27:19.718823 [debug] [MainThread]: Connection 'list_postgres' was properly closed.
[0m20:27:19.719059 [debug] [MainThread]: Connection 'model.trial_retention.stg_demo' was properly closed.
[0m20:27:19.719481 [info ] [MainThread]: 
[0m20:27:19.719791 [info ] [MainThread]: Finished running 1 view model in 0 hours 0 minutes and 0.18 seconds (0.18s).
[0m20:27:19.720331 [debug] [MainThread]: Command end result
[0m20:27:19.725759 [info ] [MainThread]: 
[0m20:27:19.726096 [info ] [MainThread]: [32mCompleted successfully[0m
[0m20:27:19.726387 [info ] [MainThread]: 
[0m20:27:19.726805 [info ] [MainThread]: Done. PASS=1 WARN=0 ERROR=0 SKIP=0 TOTAL=1
[0m20:27:19.727887 [debug] [MainThread]: Resource report: {"command_name": "build", "command_success": true, "command_wall_clock_time": 0.5465617, "process_user_time": 1.715458, "process_kernel_time": 0.092044, "process_mem_max_rss": "140392", "process_in_blocks": "124104", "process_out_blocks": "3569"}
[0m20:27:19.728224 [debug] [MainThread]: Command `dbt build` succeeded at 20:27:19.728144 after 0.55 seconds
[0m20:27:19.728495 [debug] [MainThread]: Sending event: {'category': 'dbt', 'action': 'invocation', 'label': 'end', 'context': [<snowplow_tracker.self_describing_json.SelfDescribingJson object at 0x7ffffa3c6ed0>, <snowplow_tracker.self_describing_json.SelfDescribingJson object at 0x7ffffa4d3710>, <snowplow_tracker.self_describing_json.SelfDescribingJson object at 0x7ffffed4cd50>]}
[0m20:27:19.728775 [debug] [MainThread]: Flushing usage events
